[    0.000000] Initializing cgroup subsys cpuset
[    0.000000] Initializing cgroup subsys cpu
[    0.000000] Initializing cgroup subsys cpuacct
[    0.000000] Linux version 4.4.0-210-generic (buildd@lgw01-amd64-009) (gcc version 5.4.0 20160609 (Ubuntu 5.4.0-6ubuntu1~16.04.12) ) #242-Ubuntu SMP Fri Apr 16 09:57:56 UTC 2021 (Ubuntu 4.4.0-210.242-generic 4.4.262)
[    0.000000] Command line: BOOT_IMAGE=/boot/vmlinuz-4.4.0-210-generic root=LABEL=cloudimg-rootfs ro console=tty1 console=ttyS0
[    0.000000] KERNEL supported cpus:
[    0.000000]   Intel GenuineIntel
[    0.000000]   AMD AuthenticAMD
[    0.000000]   Centaur CentaurHauls
[    0.000000] x86/fpu: xstate_offset[2]:  576, xstate_sizes[2]:  256
[    0.000000] x86/fpu: Supporting XSAVE feature 0x01: 'x87 floating point registers'
[    0.000000] x86/fpu: Supporting XSAVE feature 0x02: 'SSE registers'
[    0.000000] x86/fpu: Supporting XSAVE feature 0x04: 'AVX registers'
[    0.000000] x86/fpu: Enabled xstate features 0x7, context size is 832 bytes, using 'standard' format.
[    0.000000] e820: BIOS-provided physical RAM map:
[    0.000000] BIOS-e820: [mem 0x0000000000000000-0x000000000009fbff] usable
[    0.000000] BIOS-e820: [mem 0x000000000009fc00-0x000000000009ffff] reserved
[    0.000000] BIOS-e820: [mem 0x00000000000f0000-0x00000000000fffff] reserved
[    0.000000] BIOS-e820: [mem 0x0000000000100000-0x000000007ffeffff] usable
[    0.000000] BIOS-e820: [mem 0x000000007fff0000-0x000000007fffffff] ACPI data
[    0.000000] BIOS-e820: [mem 0x00000000fec00000-0x00000000fec00fff] reserved
[    0.000000] BIOS-e820: [mem 0x00000000fee00000-0x00000000fee00fff] reserved
[    0.000000] BIOS-e820: [mem 0x00000000fffc0000-0x00000000ffffffff] reserved
[    0.000000] NX (Execute Disable) protection: active
[    0.000000] SMBIOS 2.5 present.
[    0.000000] Hypervisor detected: KVM
[    0.000000] e820: last_pfn = 0x7fff0 max_arch_pfn = 0x400000000
[    0.000000] MTRR: Disabled
[    0.000000] x86/PAT: MTRRs disabled, skipping PAT initialization too.
[    0.000000] CPU MTRRs all blank - virtualized system.
[    0.000000] x86/PAT: Configuration [0-7]: WB  WT  UC- UC  WB  WT  UC- UC  
[    0.000000] found SMP MP-table at [mem 0x0009fff0-0x0009ffff] mapped at [ffff88000009fff0]
[    0.000000] Scanning 1 areas for low memory corruption
[    0.000000] RAMDISK: [mem 0x362dc000-0x37165fff]
[    0.000000] ACPI: Early table checksum verification disabled
[    0.000000] ACPI: RSDP 0x00000000000E0000 000024 (v02 VBOX  )
[    0.000000] ACPI: XSDT 0x000000007FFF0030 00003C (v01 VBOX   VBOXXSDT 00000001 ASL  00000061)
[    0.000000] ACPI: FACP 0x000000007FFF00F0 0000F4 (v04 VBOX   VBOXFACP 00000001 ASL  00000061)
[    0.000000] ACPI: DSDT 0x000000007FFF0610 002353 (v02 VBOX   VBOXBIOS 00000002 INTL 20230628)
[    0.000000] ACPI: FACS 0x000000007FFF0200 000040
[    0.000000] ACPI: FACS 0x000000007FFF0200 000040
[    0.000000] ACPI: APIC 0x000000007FFF0240 00005C (v02 VBOX   VBOXAPIC 00000001 ASL  00000061)
[    0.000000] ACPI: SSDT 0x000000007FFF02A0 00036C (v01 VBOX   VBOXCPUT 00000002 INTL 20230628)
[    0.000000] No NUMA configuration found
[    0.000000] Faking a node at [mem 0x0000000000000000-0x000000007ffeffff]
[    0.000000] NODE_DATA(0) allocated [mem 0x7ffeb000-0x7ffeffff]
[    0.000000] kvm-clock: Using msrs 4b564d01 and 4b564d00
[    0.000000] kvm-clock: cpu 0, msr 0:7ffe3001, primary cpu clock
[    0.000000] kvm-clock: using sched offset of 2926687948 cycles
[    0.000000] clocksource: kvm-clock: mask: 0xffffffffffffffff max_cycles: 0x1cd42e4dffb, max_idle_ns: 881590591483 ns
[    0.000000] Zone ranges:
[    0.000000]   DMA      [mem 0x0000000000001000-0x0000000000ffffff]
[    0.000000]   DMA32    [mem 0x0000000001000000-0x000000007ffeffff]
[    0.000000]   Normal   empty
[    0.000000]   Device   empty
[    0.000000] Movable zone start for each node
[    0.000000] Early memory node ranges
[    0.000000]   node   0: [mem 0x0000000000001000-0x000000000009efff]
[    0.000000]   node   0: [mem 0x0000000000100000-0x000000007ffeffff]
[    0.000000] Initmem setup node 0 [mem 0x0000000000001000-0x000000007ffeffff]
[    0.000000] ACPI: PM-Timer IO Port: 0x4008
[    0.000000] IOAPIC[0]: apic_id 2, version 32, address 0xfec00000, GSI 0-23
[    0.000000] ACPI: INT_SRC_OVR (bus 0 bus_irq 0 global_irq 2 dfl dfl)
[    0.000000] ACPI: INT_SRC_OVR (bus 0 bus_irq 9 global_irq 9 low level)
[    0.000000] Using ACPI (MADT) for SMP configuration information
[    0.000000] smpboot: Allowing 2 CPUs, 0 hotplug CPUs
[    0.000000] PM: Registered nosave memory: [mem 0x00000000-0x00000fff]
[    0.000000] PM: Registered nosave memory: [mem 0x0009f000-0x0009ffff]
[    0.000000] PM: Registered nosave memory: [mem 0x000a0000-0x000effff]
[    0.000000] PM: Registered nosave memory: [mem 0x000f0000-0x000fffff]
[    0.000000] e820: [mem 0x80000000-0xfebfffff] available for PCI devices
[    0.000000] Booting paravirtualized kernel on KVM
[    0.000000] clocksource: refined-jiffies: mask: 0xffffffff max_cycles: 0xffffffff, max_idle_ns: 7645519600211568 ns
[    0.000000] setup_percpu: NR_CPUS:512 nr_cpumask_bits:512 nr_cpu_ids:2 nr_node_ids:1
[    0.000000] PERCPU: Embedded 33 pages/cpu @ffff88007fc00000 s95192 r8192 d31784 u1048576
[    0.000000] Built 1 zonelists in Node order, mobility grouping on.  Total pages: 515960
[    0.000000] Policy zone: DMA32
[    0.000000] Kernel command line: BOOT_IMAGE=/boot/vmlinuz-4.4.0-210-generic root=LABEL=cloudimg-rootfs ro console=tty1 console=ttyS0
[    0.000000] PID hash table entries: 4096 (order: 3, 32768 bytes)
[    0.000000] Memory: 2029984K/2096696K available (8644K kernel code, 1332K rwdata, 4044K rodata, 1492K init, 1164K bss, 66712K reserved, 0K cma-reserved)
[    0.000000] SLUB: HWalign=64, Order=0-3, MinObjects=0, CPUs=2, Nodes=1
[    0.000000] Kernel/User page tables isolation: enabled
[    0.000000] Hierarchical RCU implementation.
[    0.000000] 	Build-time adjustment of leaf fanout to 64.
[    0.000000] 	RCU restricting CPUs from NR_CPUS=512 to nr_cpu_ids=2.
[    0.000000] RCU: Adjusting geometry for rcu_fanout_leaf=64, nr_cpu_ids=2
[    0.000000] NR_IRQS:33024 nr_irqs:440 16
[    0.000000] Console: colour VGA+ 80x25
[    0.000000] console [tty1] enabled
[    0.000000] console [ttyS0] enabled
[    0.000000] tsc: Detected 1991.995 MHz processor
[    0.180445] Calibrating delay loop (skipped) preset value.. 3983.99 BogoMIPS (lpj=7967980)
[    0.182729] pid_max: default: 32768 minimum: 301
[    0.184118] ACPI: Core revision 20150930
[    0.187998] ACPI: 2 ACPI AML tables successfully acquired and loaded
[    0.189603] Security Framework initialized
[    0.190633] Yama: becoming mindful.
[    0.191565] AppArmor: AppArmor initialized
[    0.193219] Dentry cache hash table entries: 262144 (order: 9, 2097152 bytes)
[    0.195413] Inode-cache hash table entries: 131072 (order: 8, 1048576 bytes)
[    0.197203] Mount-cache hash table entries: 4096 (order: 3, 32768 bytes)
[    0.198635] Mountpoint-cache hash table entries: 4096 (order: 3, 32768 bytes)
[    0.200746] Initializing cgroup subsys io
[    0.202037] Initializing cgroup subsys memory
[    0.203318] Initializing cgroup subsys devices
[    0.204723] Initializing cgroup subsys freezer
[    0.206011] Initializing cgroup subsys net_cls
[    0.207298] Initializing cgroup subsys perf_event
[    0.208795] Initializing cgroup subsys net_prio
[    0.210471] Initializing cgroup subsys hugetlb
[    0.211871] Initializing cgroup subsys pids
[    0.229196] mce: CPU supports 0 MCE banks
[    0.230434] Last level iTLB entries: 4KB 64, 2MB 8, 4MB 8
[    0.231917] Last level dTLB entries: 4KB 64, 2MB 0, 4MB 0, 1GB 4
[    0.233725] Spectre V1 : Mitigation: usercopy/swapgs barriers and __user pointer sanitization
[    0.236532] Spectre V2 : Mitigation: Full generic retpoline
[    0.238113] Spectre V2 : Spectre v2 / SpectreRSB mitigation: Filling RSB on context switch
[    0.240795] Speculative Store Bypass: Vulnerable
[    0.242716] SRBDS: Unknown: Dependent on hypervisor status
[    0.244679] MDS: Mitigation: Clear CPU buffers
[    0.249336] Freeing SMP alternatives memory: 36K
[    0.256556] ftrace: allocating 32380 entries in 127 pages
[    0.313354] smpboot: APIC(0) Converting physical 0 to logical package 0
[    0.315017] smpboot: Max logical packages: 1
[    0.316507] x2apic enabled
[    0.317714] Switched APIC routing to physical x2apic.
[    0.320504] ..TIMER: vector=0x30 apic1=0 pin1=2 apic2=-1 pin2=-1
[    0.430005] smpboot: CPU0: Intel(R) Core(TM) i7-8550U CPU @ 1.80GHz (family: 0x6, model: 0x8e, stepping: 0xa)
[    0.432975] Performance Events: unsupported p6 CPU model 142 no PMU driver, software events only.
[    0.444025] KVM setup paravirtual spinlock
[    0.446001] x86: Booting SMP configuration:
[    0.447074] .... node  #0, CPUs:      #1
[    0.448307] kvm-clock: cpu 1, msr 0:7ffe3041, secondary cpu clock
[    0.465036] mce: CPU supports 0 MCE banks
[    0.467755] x86: Booted up 1 node, 2 CPUs
[    0.469219] smpboot: Total of 2 processors activated (7967.98 BogoMIPS)
[    0.471489] devtmpfs: initialized
[    0.474109] evm: security.selinux
[    0.475178] evm: security.SMACK64
[    0.476240] evm: security.SMACK64EXEC
[    0.477425] evm: security.SMACK64TRANSMUTE
[    0.478777] evm: security.SMACK64MMAP
[    0.479919] evm: security.ima
[    0.480864] evm: security.capability
[    0.482191] clocksource: jiffies: mask: 0xffffffff max_cycles: 0xffffffff, max_idle_ns: 7645041785100000 ns
[    0.484726] futex hash table entries: 512 (order: 3, 32768 bytes)
[    0.486556] pinctrl core: initialized pinctrl subsystem
[    0.488062] RTC time: 13:39:19, date: 12/03/24
[    0.489562] NET: Registered protocol family 16
[    0.501713] cpuidle: using governor ladder
[    0.513935] cpuidle: using governor menu
[    0.515247] PCCT header not found.
[    0.516503] ACPI: bus type PCI registered
[    0.517761] acpiphp: ACPI Hot Plug PCI Controller Driver version: 0.5
[    0.519760] PCI: Using configuration type 1 for base access
[    0.534631] ACPI: Added _OSI(Module Device)
[    0.535757] ACPI: Added _OSI(Processor Device)
[    0.536851] ACPI: Added _OSI(3.0 _SCP Extensions)
[    0.538278] ACPI: Added _OSI(Processor Aggregator Device)
[    0.540236] ACPI: Executed 1 blocks of module-level executable AML code
[    0.545081] ACPI: Interpreter enabled
[    0.546446] ACPI: (supports S0 S5)
[    0.547570] ACPI: Using IOAPIC for interrupt routing
[    0.549358] PCI: Using host bridge windows from ACPI; if necessary, use "pci=nocrs" and report a bug
[    0.556838] ACPI: PCI Root Bridge [PCI0] (domain 0000 [bus 00-ff])
[    0.558590] acpi PNP0A03:00: _OSC: OS supports [ASPM ClockPM Segments MSI]
[    0.560986] acpi PNP0A03:00: _OSC: not requesting OS control; OS requires [ExtendedConfig ASPM ClockPM MSI]
[    0.563742] acpi PNP0A03:00: fail to add MMCONFIG information, can't access extended PCI configuration space under this bridge.
[    0.567344] PCI host bridge to bus 0000:00
[    0.568696] pci_bus 0000:00: root bus resource [io  0x0000-0x0cf7 window]
[    0.570544] pci_bus 0000:00: root bus resource [io  0x0d00-0xffff window]
[    0.572250] pci_bus 0000:00: root bus resource [mem 0x000a0000-0x000bffff window]
[    0.574680] pci_bus 0000:00: root bus resource [mem 0x80000000-0xfdffffff window]
[    0.577287] pci_bus 0000:00: root bus resource [bus 00-ff]
[    0.580897] pci 0000:00:01.1: legacy IDE quirk: reg 0x10: [io  0x01f0-0x01f7]
[    0.582785] pci 0000:00:01.1: legacy IDE quirk: reg 0x14: [io  0x03f6]
[    0.584803] pci 0000:00:01.1: legacy IDE quirk: reg 0x18: [io  0x0170-0x0177]
[    0.602172] pci 0000:00:01.1: legacy IDE quirk: reg 0x1c: [io  0x0376]
[    0.630164] pci 0000:00:07.0: quirk: [io  0x4000-0x403f] claimed by PIIX4 ACPI
[    0.632125] pci 0000:00:07.0: quirk: [io  0x4100-0x410f] claimed by PIIX4 SMB
[    0.641759] ACPI: PCI Interrupt Link [LNKA] (IRQs 5 9 10 *11)
[    0.644207] ACPI: PCI Interrupt Link [LNKB] (IRQs 5 9 *10 11)
[    0.646163] ACPI: PCI Interrupt Link [LNKC] (IRQs 5 *9 10 11)
[    0.647909] ACPI: PCI Interrupt Link [LNKD] (IRQs 5 9 10 *11)
[    0.649873] ACPI: Enabled 2 GPEs in block 00 to 07
[    0.651542] vgaarb: setting as boot device: PCI:0000:00:02.0
[    0.652905] vgaarb: device added: PCI:0000:00:02.0,decodes=io+mem,owns=io+mem,locks=none
[    0.654934] vgaarb: loaded
[    0.655772] vgaarb: bridge control possible 0000:00:02.0
[    0.657218] SCSI subsystem initialized
[    0.658496] ACPI: bus type USB registered
[    0.659670] usbcore: registered new interface driver usbfs
[    0.660930] usbcore: registered new interface driver hub
[    0.662085] usbcore: registered new device driver usb
[    0.663340] PCI: Using ACPI for IRQ routing
[    0.664549] NetLabel: Initializing
[    0.665405] NetLabel:  domain hash size = 128
[    0.666425] NetLabel:  protocols = UNLABELED CIPSOv4
[    0.667614] NetLabel:  unlabeled traffic allowed by default
[    0.669059] amd_nb: Cannot enumerate AMD northbridges
[    0.670185] clocksource: Switched to clocksource kvm-clock
[    0.677134] AppArmor: AppArmor Filesystem Enabled
[    0.678336] pnp: PnP ACPI init
[    0.680006] pnp: PnP ACPI: found 3 devices
[    0.690171] clocksource: acpi_pm: mask: 0xffffff max_cycles: 0xffffff, max_idle_ns: 2085701024 ns
[    0.692709] NET: Registered protocol family 2
[    0.694157] TCP established hash table entries: 16384 (order: 5, 131072 bytes)
[    0.696284] TCP bind hash table entries: 16384 (order: 6, 262144 bytes)
[    0.697825] TCP: Hash tables configured (established 16384 bind 16384)
[    0.699414] UDP hash table entries: 1024 (order: 3, 32768 bytes)
[    0.700912] UDP-Lite hash table entries: 1024 (order: 3, 32768 bytes)
[    0.702663] NET: Registered protocol family 1
[    0.703873] pci 0000:00:00.0: Limiting direct PCI/PCI transfers
[    0.705420] pci 0000:00:01.0: Activating ISA DMA hang workarounds
[    0.706863] Unpacking initramfs...
[    0.896509] Freeing initrd memory: 14888K
[    0.897849] clocksource: tsc: mask: 0xffffffffffffffff max_cycles: 0x396d48bcfa5, max_idle_ns: 881590611924 ns
[    0.901111] platform rtc_cmos: registered platform RTC device (no PNP device found)
[    0.903529] Scanning for low memory corruption every 60 seconds
[    0.905674] audit: initializing netlink subsys (disabled)
[    0.907194] audit: type=2000 audit(1733233163.625:1): initialized
[    0.909269] Initialise system trusted keyring
[    0.910918] HugeTLB registered 2 MB page size, pre-allocated 0 pages
[    0.914045] zbud: loaded
[    0.916168] VFS: Disk quotas dquot_6.6.0
[    0.917466] VFS: Dquot-cache hash table entries: 512 (order 0, 4096 bytes)
[    0.919570] squashfs: version 4.0 (2009/01/31) Phillip Lougher
[    0.921466] fuse init (API version 7.23)
[    0.922793] Key type big_key registered
[    0.924011] Allocating IMA MOK and blacklist keyrings.
[    0.926363] Key type asymmetric registered
[    0.927561] Asymmetric key parser 'x509' registered
[    0.928944] Block layer SCSI generic (bsg) driver version 0.4 loaded (major 249)
[    0.931172] io scheduler noop registered
[    0.932323] io scheduler deadline registered (default)
[    0.933635] io scheduler cfq registered
[    0.934990] pci_hotplug: PCI Hot Plug PCI Core version: 0.5
[    0.936672] pciehp: PCI Express Hot Plug Controller Driver version: 0.4
[    0.938491] ACPI: AC Adapter [AC] (on-line)
[    0.939737] input: Power Button as /devices/LNXSYSTM:00/LNXPWRBN:00/input/input0
[    0.941734] ACPI: Power Button [PWRF]
[    0.943226] input: Sleep Button as /devices/LNXSYSTM:00/LNXSLPBN:00/input/input1
[    0.945567] ACPI: Sleep Button [SLPF]
[    0.947098] GHES: HEST is not enabled!
[    0.947747] ACPI: Battery Slot [BAT0] (battery present)
[    0.950226] Serial: 8250/16550 driver, 32 ports, IRQ sharing enabled
[    0.972360] 00:02: ttyS0 at I/O 0x3f8 (irq = 4, base_baud = 115200) is a 16550A
[    0.976353] Linux agpgart interface v0.103
[    0.979214] loop: module loaded
[    0.980655] scsi host0: ata_piix
[    0.981787] scsi host1: ata_piix
[    0.982758] ata1: PATA max UDMA/33 cmd 0x1f0 ctl 0x3f6 bmdma 0xd000 irq 14
[    0.984306] ata2: PATA max UDMA/33 cmd 0x170 ctl 0x376 bmdma 0xd008 irq 15
[    0.985999] libphy: Fixed MDIO Bus: probed
[    0.987096] tun: Universal TUN/TAP device driver, 1.6
[    0.988370] tun: (C) 1999-2004 Max Krasnyansky <maxk@qualcomm.com>
[    0.989900] PPP generic driver version 2.4.2
[    0.991173] ehci_hcd: USB 2.0 'Enhanced' Host Controller (EHCI) Driver
[    0.992716] ehci-pci: EHCI PCI platform driver
[    0.994055] ehci-platform: EHCI generic platform driver
[    0.995526] ohci_hcd: USB 1.1 'Open' Host Controller (OHCI) Driver
[    0.996966] ohci-pci: OHCI PCI platform driver
[    0.998178] ohci-platform: OHCI generic platform driver
[    0.999601] uhci_hcd: USB Universal Host Controller Interface driver
[    1.001095] i8042: PNP: PS/2 Controller [PNP0303:PS2K,PNP0f03:PS2M] at 0x60,0x64 irq 1,12
[    1.003740] serio: i8042 KBD port at 0x60,0x64 irq 1
[    1.004960] serio: i8042 AUX port at 0x60,0x64 irq 12
[    1.006433] mousedev: PS/2 mouse device common for all mice
[    1.008233] input: AT Translated Set 2 keyboard as /devices/platform/i8042/serio0/input/input2
[    1.011233] rtc_cmos rtc_cmos: rtc core: registered rtc_cmos as rtc0
[    1.012764] rtc_cmos rtc_cmos: alarms up to one day, 114 bytes nvram
[    1.014333] i2c /dev entries driver
[    1.015398] device-mapper: uevent: version 1.0.3
[    1.016689] device-mapper: ioctl: 4.34.0-ioctl (2015-10-28) initialised: dm-devel@redhat.com
[    1.018917] ledtrig-cpu: registered to indicate activity on CPUs
[    1.020823] NET: Registered protocol family 10
[    1.022231] NET: Registered protocol family 17
[    1.023496] Key type dns_resolver registered
[    1.025440] registered taskstats version 1
[    1.026820] Loading compiled-in X.509 certificates
[    1.028674] Loaded X.509 cert 'Build time autogenerated kernel key: cf00e047681d67edb2720680708b7d9498083038'
[    1.031159] zswap: loaded using pool lzo/zbud
[    1.034150] Key type trusted registered
[    1.039093] Key type encrypted registered
[    1.040234] AppArmor: AppArmor sha1 policy hashing enabled
[    1.041636] ima: No TPM chip found, activating TPM-bypass!
[    1.043097] ima: Allocated hash algorithm: sha1
[    1.044578] evm: HMAC attrs: 0x1
[    1.045823]   Magic number: 4:772:684
[    1.047028] mem full: hash matches
[    1.048124] rtc_cmos rtc_cmos: setting system clock to 2024-12-03 13:39:19 UTC (1733233159)
[    1.050375] BIOS EDD facility v0.16 2004-Jun-25, 0 devices found
[    1.051864] EDD information not available.
[    1.163487] Freeing unused kernel memory: 1492K
[    1.165117] Write protecting the kernel read-only data: 14336k
[    1.167460] Freeing unused kernel memory: 1584K
[    1.169139] Freeing unused kernel memory: 52K
Loading, please wait...
starting version 229
[    1.186590] random: systemd-udevd: uninitialized urandom read (16 bytes read, 3 bits of entropy available)
[    1.187292] random: udevadm: uninitialized urandom read (16 bytes read, 3 bits of entropy available)
[    1.187330] random: udevadm: uninitialized urandom read (16 bytes read, 3 bits of entropy available)
[    1.194883] random: systemd-udevd: uninitialized urandom read (16 bytes read, 3 bits of entropy available)
[    1.197346] random: udevadm: uninitialized urandom read (16 bytes read, 3 bits of entropy available)
[    1.197400] random: udevadm: uninitialized urandom read (16 bytes read, 3 bits of entropy available)
[    1.197569] random: udevadm: uninitialized urandom read (16 bytes read, 3 bits of entropy available)
[    1.197633] random: udevadm: uninitialized urandom read (16 bytes read, 3 bits of entropy available)
[    1.197696] random: udevadm: uninitialized urandom read (16 bytes read, 3 bits of entropy available)
[    1.197761] random: udevadm: uninitialized urandom read (16 bytes read, 3 bits of entropy available)
[    1.264084] e1000: Intel(R) PRO/1000 Network Driver - version 7.3.21-k8-NAPI
[    1.266370] e1000: Copyright (c) 1999-2006 Intel Corporation.
[    1.267936] Fusion MPT base driver 3.04.20
[    1.269784] Copyright (c) 1999-2008 LSI Corporation
[    1.292044] Fusion MPT SPI Host driver 3.04.20
[    1.296041] AVX2 version of gcm_enc/dec engaged.
[    1.297307] AES CTR mode by8 optimization enabled
[    1.479479] input: ImExPS/2 Generic Explorer Mouse as /devices/platform/i8042/serio1/input/input4
[    1.650418] e1000 0000:00:03.0 eth0: (PCI:33MHz:32-bit) 02:be:82:6b:cc:1d
[    1.652195] e1000 0000:00:03.0 eth0: Intel(R) PRO/1000 Network Connection
[    1.654978] e1000 0000:00:03.0 enp0s3: renamed from eth0
[    1.657016] mptbase: ioc0: Initiating bringup
[    3.027986] ioc0: LSI53C1030 A0: Capabilities={Initiator}
[    5.018751] scsi host2: ioc0: LSI53C1030 A0, FwRev=00000000h, Ports=1, MaxQ=256, IRQ=20
[    6.712833] scsi 2:0:0:0: Direct-Access     VBOX     HARDDISK         1.0  PQ: 0 ANSI: 5
[    6.715435] scsi target2:0:0: Beginning Domain Validation
[    6.718285] scsi target2:0:0: Domain Validation skipping write tests
[    6.720085] scsi target2:0:0: Ending Domain Validation
[    6.721634] scsi target2:0:0: asynchronous
[    6.723549] scsi 2:0:1:0: Direct-Access     VBOX     HARDDISK         1.0  PQ: 0 ANSI: 5
[    6.726019] scsi target2:0:1: Beginning Domain Validation
[    6.742264] scsi target2:0:1: Domain Validation skipping write tests
[    6.743950] scsi target2:0:1: Ending Domain Validation
[    6.745417] scsi target2:0:1: asynchronous
[    6.750523] sd 2:0:0:0: Attached scsi generic sg0 type 0
[    6.752477] sd 2:0:1:0: Attached scsi generic sg1 type 0
[    6.753027] sd 2:0:0:0: [sda] 83886080 512-byte logical blocks: (42.9 GB/40.0 GiB)
[    6.756140] sd 2:0:1:0: [sdb] 20480 512-byte logical blocks: (10.5 MB/10.0 MiB)
[    6.757869] sd 2:0:0:0: [sda] Write Protect is off
[    6.759415] sd 2:0:0:0: [sda] Incomplete mode parameter data
[    6.760703] sd 2:0:0:0: [sda] Assuming drive cache: write through
[    6.762154] sd 2:0:1:0: [sdb] Write Protect is off
[    6.763778] sd 2:0:1:0: [sdb] Incomplete mode parameter data
[    6.765350] sd 2:0:1:0: [sdb] Assuming drive cache: write through
[    6.775347]  sda: sda1
[    6.777813] sd 2:0:1:0: [sdb] Attached SCSI disk
[    6.777846] sd 2:0:0:0: [sda] Attached SCSI disk
Begin: Loading essential drivers ... [    8.281165] md: linear personality registered for level -1
[    8.284822] md: multipath personality registered for level -4
[    8.288796] md: raid0 personality registered for level 0
[    8.293148] md: raid1 personality registered for level 1
[    8.362453] raid6: sse2x1   gen() 10663 MB/s
[    8.430814] raid6: sse2x1   xor()  7644 MB/s
[    8.506128] raid6: sse2x2   gen() 11150 MB/s
[    8.574976] raid6: sse2x2   xor()  8277 MB/s
[    8.646125] raid6: sse2x4   gen() 15317 MB/s
[    8.718111] raid6: sse2x4   xor()  9730 MB/s
[    8.798216] raid6: avx2x1   gen() 20499 MB/s
[    8.878081] raid6: avx2x2   gen() 26049 MB/s
[    8.947177] raid6: avx2x4   gen() 19356 MB/s
[    8.948850] raid6: using algorithm avx2x2 gen() 26049 MB/s
[    8.953661] raid6: using avx2x2 recovery algorithm
[    8.957095] xor: automatically using best checksumming function:
[    8.998242]    avx       : 16728.000 MB/sec
[    9.001040] async_tx: api initialized (async)
[    9.011476] md: raid6 personality registered for level 6
[    9.013042] md: raid5 personality registered for level 5
[    9.014500] md: raid4 personality registered for level 4
[    9.022981] md: raid10 personality registered for level 10
done.
Begin: Running /scripts/init-premount ... done.
Begin: Mounting root file system ... Begin: Running /scripts/local-top ... done.
Begin: Running /scripts/local-premount ... [    9.060483] Btrfs loaded
Scanning for Btrfs filesystems
done.
Warning: fsck not present, so skipping root file system
[    9.099957] EXT4-fs (sda1): mounted filesystem with ordered data mode. Opts: (null)
done.
Begin: Running /scripts/local-bottom ... done.
Begin: Running /scripts/init-bottom ... done.
[    9.194566] systemd[1]: systemd 229 running in system mode. (+PAM +AUDIT +SELINUX +IMA +APPARMOR +SMACK +SYSVINIT +UTMP +LIBCRYPTSETUP +GCRYPT +GNUTLS +ACL +XZ -LZ4 +SECCOMP +BLKID +ELFUTILS +KMOD -IDN)
[    9.198746] systemd[1]: Detected virtualization oracle.
[    9.200258] systemd[1]: Detected architecture x86-64.

Welcome to [1mUbuntu 16.04.7 LTS[0m!

[    9.204235] systemd[1]: Set hostname to <ubuntu>.
[    9.206824] systemd[1]: Initializing machine ID from random generator.
[    9.208257] systemd[1]: Installed transient /etc/machine-id file.
[    9.360449] systemd[1]: Reached target Encrypted Volumes.
[[0;32m  OK  [0m] Reached target Encrypted Volumes.
[    9.370484] systemd[1]: Listening on udev Control Socket.
[[0;32m  OK  [0m] Listening on udev Control Socket.
[    9.373112] systemd[1]: Listening on udev Kernel Socket.
[[0;32m  OK  [0m] Listening on udev Kernel Socket.
[    9.375923] systemd[1]: Listening on /dev/initctl Compatibility Named Pipe.
[[0;32m  OK  [0m] Listening on /dev/initctl Compatibility Named Pipe.
[    9.378970] systemd[1]: Reached target User and Group Name Lookups.
[[0;32m  OK  [0m] Reached target User and Group Name Lookups.
[    9.382012] systemd[1]: Listening on Syslog Socket.
[[0;32m  OK  [0m] Listening on Syslog Socket.
[    9.384454] systemd[1]: Reached target Swap.
[[0;32m  OK  [0m] Reached target Swap.
[    9.386633] systemd[1]: Listening on LVM2 metadata daemon socket.
[[0;32m  OK  [0m] Listening on LVM2 metadata daemon socket.
[    9.389230] systemd[1]: Created slice User and Session Slice.
[[0;32m  OK  [0m] Created slice User and Session Slice.
[    9.391444] systemd[1]: Listening on Journal Socket.
[[0;32m  OK  [0m] Listening on Journal Socket.
[    9.393326] systemd[1]: Listening on Device-mapper event daemon FIFOs.
[[0;32m  OK  [0m] Listening on Device-mapper event daemon FIFOs.
[    9.395848] systemd[1]: Listening on LVM2 poll daemon socket.
[[0;32m  OK  [0m] Listening on LVM2 poll daemon socket.
[    9.398007] systemd[1]: Reached target System Time Synchronized.
[[0;32m  OK  [0m] Reached target System Time Synchronized.
[    9.400471] systemd[1]: Set up automount Arbitrary Executable File Formats File System Automount Point.
[[0;32m  OK  [0m] Set up automount Arbitrary Executab...ats File System Automount Point.
[    9.404282] systemd[1]: Created slice System Slice.
[[0;32m  OK  [0m] Created slice System Slice.
[    9.418371] systemd[1]: Mounting Debug File System...
         Mounting Debug File System...
[    9.420936] systemd[1]: Starting Monitoring of LVM2 mirrors, snapshots etc. using dmeventd or progress polling...
         Starting Monitoring of LVM2 mirrors... dmeventd or progress polling...
[    9.425601] systemd[1]: Mounting Huge Pages File System...
         Mounting Huge Pages File System...
[    9.430127] systemd[1]: Starting Set console keymap...
         Starting Set console keymap...
[    9.433469] systemd[1]: Starting Nameserver information manager...
         Starting Nameserver information manager...
[    9.436168] systemd[1]: Reached target Slices.
[[0;32m  OK  [0m] Reached target Slices.
[    9.439536] systemd[1]: Created slice system-serial\x2dgetty.slice.
[[0;32m  OK  [0m] Created slice system-serial\x2dgetty.slice.
[    9.444751] systemd[1]: Starting Load Kernel Modules...
         Starting Load Kernel Modules...
[    9.448209] systemd[1]: Starting Create list of required static device nodes for the current kernel...
         Starting Create list of required st... nodes for the current kernel...
[    9.453150] systemd[1]: Listening on Journal Audit Socket.
[[0;32m  OK  [0m] Listening on Journal Audit Socket.
[    9.456799] systemd[1]: Mounting POSIX Message Queue File System...
         Mounting POSIX Message Queue File System...
[    9.460551] systemd[1]: Started Trigger resolvconf update for networkd DNS.
[[0;32m  OK  [0m] Started Trigger resolvconf update for networkd DNS.
[    9.464424] systemd[1]: Listening on fsck to fsckd communication Socket.
[[0;32m  OK  [0m] Listening on fsck to fsckd communication Socket.
[    9.468802] systemd[1]: Starting Uncomplicated firewall...
         Starting Uncomplicated firewall...
[    9.471890] Loading iSCSI transport class v2.0-870.
[    9.472412] systemd[1]: Starting File System Check on Root Device...
         Starting File System Check on Root Device...
[    9.477098] systemd[1]: Listening on Journal Socket (/dev/log).
[[0;32m  OK  [0m] Listening on Journal Socket (/dev/log).
[    9.480703] systemd[1]: Starting Journal Service...
         Starting Journal Service...
[    9.484329] systemd[1]: Started Forward Password Requests to Wall Directory Watch.
[[0;32m  OK  [0m] Started Forward Password Requests to Wall Directory Watch.
[    9.491308] iscsi: registered transport (tcp)
[    9.501257] systemd[1]: Mounted Huge Pages File System.
[[0;32m  OK  [0m] Mounted Huge Pages File System.
[    9.504197] systemd[1]: Mounted POSIX Message Queue File System.
[[0;32m  OK  [0m] Mounted POSIX Message Queue File System.
[    9.507069] systemd[1]: Mounted Debug File System.
[[0;32m  OK  [0m] Mounted Debug File System.
[    9.511768] systemd[1]: Started Create list of required static device nodes for the current kernel.
[[0;32m  OK  [0m] Started Create list of required sta...ce nodes for the current kernel.
[    9.520747] systemd[1]: Started Uncomplicated firewall.
[[0;32m  OK  [0m] Started Uncomplicated firewall.
[    9.524454] systemd[1]: Started Nameserver information manager.
[[0;32m  OK  [0m] Started Nameserver information manager.
[    9.529741] systemd[1]: Started Journal Service.
[[0;32m  OK  [0m] Started Journal Service.
[[0;32m  OK  [0m] Started LVM2 metadata daemon.
[[0;32m  OK  [0m] Started File System Check Daemon to report status.
         Starting Create Static Device Nodes in /dev...
[[0;32m  OK  [0m] Started File System Check on Root Device.
         Starting Remount Root and Kernel File Systems...
[    9.558209] EXT4-fs (sda1): re-mounted. Opts: (null)
[[0;32m  OK  [0m] Started Remount Root and Kernel File Systems.
         Starting Load/Save Random Seed...
         Starting Flush Journal to Persistent Storage...
         Starting udev Coldplug all Devices...
[[0;32m  OK  [0m] Started Load/Save Random Seed.
[    9.583099] iscsi: registered transport (iser)
[[0;32m  OK  [0m] Started Load Kernel Modules.[    9.587681] systemd-journald[396]: Received request to flush runtime journal from PID 1

[[0;32m  OK  [0m] Started Create Static Device Nodes in /dev.
         Starting udev Kernel Device Manager...
         Mounting FUSE Control File System...
         Starting Apply Kernel Variables...
[[0;32m  OK  [0m] Mounted FUSE Control File System.
[[0;32m  OK  [0m] Started Flush Journal to Persistent Storage.
[[0;32m  OK  [0m] Started Apply Kernel Variables.
[[0;32m  OK  [0m] Started udev Kernel Device Manager.
[[0;32m  OK  [0m] Started udev Coldplug all Devices.
[[0;32m  OK  [0m] Started Set console keymap.
[[0;32m  OK  [0m] Started Dispatch Password Requests to Console Directory Watch.
[[0;32m  OK  [0m] Found device /dev/ttyS0.
[[0;32m  OK  [0m] Listening on Load/Save RF Kill Switch Status /dev/rfkill Watch.
[[0;32m  OK  [0m] Started Monitoring of LVM2 mirrors,...ng dmeventd or progress polling.
[[0;32m  OK  [0m] Reached target Local File Systems (Pre).
[[0;32m  OK  [0m] Reached target Local File Systems.
         Starting Initial cloud-init job (pre-networking)...
         Starting Set console font and keymap...
         Starting LSB: AppArmor initialization...
         Starting Commit a transient machine-id on disk...
         Starting Tell Plymouth To Write Out Runtime Data...
         Starting Create Volatile Files and Directories...
[[0;32m  OK  [0m] Started Commit a transient machine-id on disk.
[[0;32m  OK  [0m] Started Tell Plymouth To Write Out Runtime Data.
[[0;32m  OK  [0m] Started Create Volatile Files and Directories.
         Starting Update UTMP about System Boot/Shutdown...
[[0;32m  OK  [0m] Started Update UTMP about System Boot/Shutdown.
[   11.440578] cloud-init[580]: Cloud-init v. 21.1-19-gbad84ad4-0ubuntu1~16.04.2 running 'init-local' at Tue, 03 Dec 2024 13:39:29 +0000. Up 10.94 seconds.
[[0;32m  OK  [0m] Started Set console font and keymap.
[[0;32m  OK  [0m] Created slice system-getty.slice.
[[0;32m  OK  [0m] Started Initial cloud-init job (pre-networking).
[[0;32m  OK  [0m] Reached target Network (Pre).
[[0;32m  OK  [0m] Started LSB: AppArmor initialization.
         Starting Load AppArmor profiles managed internally by snapd...
         Starting Raise network interfaces...
[[0;32m  OK  [0m] Started Load AppArmor profiles managed internally by snapd.
[[0;32m  OK  [0m] Started Raise network interfaces.
[[0;32m  OK  [0m] Reached target Network.
         Starting Initial cloud-init job (metadata service crawler)...
[   14.452074] cloud-init[944]: Cloud-init v. 21.1-19-gbad84ad4-0ubuntu1~16.04.2 running 'init' at Tue, 03 Dec 2024 13:39:32 +0000. Up 13.68 seconds.
[   14.454130] cloud-init[944]: ci-info: ++++++++++++++++++++++++++++++++++++++Net device info++++++++++++++++++++++++++++++++++++++
[   14.455973] cloud-init[944]: ci-info: +--------+------+----------------------------+---------------+--------+-------------------+
[   14.457784] cloud-init[944]: ci-info: | Device |  Up  |          Address           |      Mask     | Scope  |     Hw-Address    |
[   14.459296] cloud-init[944]: ci-info: +--------+------+----------------------------+---------------+--------+-------------------+
[   14.461035] cloud-init[944]: ci-info: | enp0s3 | True |         10.0.2.15          | 255.255.255.0 | global | 02:be:82:6b:cc:1d |
[   14.463065] cloud-init[944]: ci-info: | enp0s3 | True | fe80::be:82ff:fe6b:cc1d/64 |       .       |  link  | 02:be:82:6b:cc:1d |
[   14.464834] cloud-init[944]: ci-info: |   lo   | True |         127.0.0.1          |   255.0.0.0   |  host  |         .         |
[   14.466723] cloud-init[944]: ci-info: |   lo   | True |          ::1/128           |       .       |  host  |         .         |
[   14.468701] cloud-init[944]: ci-info: +--------+------+----------------------------+---------------+--------+-------------------+
[   14.476477] cloud-init[944]: ci-info: +++++++++++++++++++++++++++Route IPv4 info++++++++++++++++++++++++++++
[   14.477708] cloud-init[944]: ci-info: +-------+-------------+----------+---------------+-----------+-------+
[   14.479267] cloud-init[944]: ci-info: | Route | Destination | Gateway  |    Genmask    | Interface | Flags |
[   14.480977] cloud-init[944]: ci-info: +-------+-------------+----------+---------------+-----------+-------+
[   14.482509] cloud-init[944]: ci-info: |   0   |   0.0.0.0   | 10.0.2.2 |    0.0.0.0    |   enp0s3  |   UG  |
[   14.484154] cloud-init[944]: ci-info: |   1   |   10.0.2.0  | 0.0.0.0  | 255.255.255.0 |   enp0s3  |   U   |
[   14.485384] cloud-init[944]: ci-info: +-------+-------------+----------+---------------+-----------+-------+
[   14.486718] cloud-init[944]: ci-info: +++++++++++++++++++Route IPv6 info+++++++++++++++++++
[   14.487879] cloud-init[944]: ci-info: +-------+-------------+---------+-----------+-------+
[   14.489222] cloud-init[944]: ci-info: | Route | Destination | Gateway | Interface | Flags |
[   14.496619] cloud-init[944]: ci-info: +-------+-------------+---------+-----------+-------+
[   14.504563] cloud-init[944]: ci-info: |   0   |  fe80::/64  |    ::   |   enp0s3  |   U   |
[   14.512547] cloud-init[944]: ci-info: |   3   |   ff00::/8  |    ::   |   enp0s3  |   U   |
[   14.513868] cloud-init[944]: ci-info: +-------+-------------+---------+-----------+-------+
[   14.515060] cloud-init[944]: Generating public/private rsa key pair.
[   14.516295] cloud-init[944]: Your identification has been saved in /etc/ssh/ssh_host_rsa_key.
[   14.517652] cloud-init[944]: Your public key has been saved in /etc/ssh/ssh_host_rsa_key.pub.
[   14.518887] cloud-init[944]: The key fingerprint is:
[   14.519888] cloud-init[944]: SHA256:6mvDwmzrIwzaV3yq6GPQKFMHfWCHUbMA0HIZIOUY0bc root@ubuntu-xenial
[   14.521204] cloud-init[944]: The key's randomart image is:
[   14.528487] cloud-init[944]: +---[RSA 2048]----+
[   14.540431] [cloud-init[0;32m  OK  [0m[944]: ] |*B+===+          |Started Initial cloud-init job (metadata service crawler).

[   14.541484] [[0;32m  OK  [0m] Reached target Network is Online.
cloud-init[944]: |o+*.+o.o         |
[   14.542863] cloud-init[944]: |.o.o o.          |
[   14.543876] cloud-init[944]: |  . E            |
[   14.544888] cloud-init[944]: | + . .  S        |
[   14.545876] cloud-init[944]: |* .   o..        |
[   14.546827] cloud-init[944]: |o* o o.o         |
[   14.547738] cloud-init[944]: |. *.B.=          |
[   14.548849] cloud-init[944]: | oo*+*oo         |
[   14.549976] cloud-init[944]: +----[SHA256]-----+
[   14.550960] cloud-init[944]: Generating public/private dsa key pair.
[   14.552136] cloud-init[944]: Your identification has been saved in /etc/ssh/ssh_host_dsa_key.
[   14.553631] cloud-init[944]: Your public key has been saved in /etc/ssh/ssh_host_dsa_key.pub.
[   14.555200] cloud-init[944]: The key fingerprint is:         Starting iSCSI initiator daemon (iscsid)...
[[0;32m  OK  [0m] Reached target System Initialization.
[[0;32m  OK  [0m] Started Message of the Day.
[[0;32m  OK  [0m] Listening on D-Bus System Message Bus Socket.

[   14.559340] cloud-init[944]: SHA256:+c090oX4u9ItN7n/xM3BuYk86+13SwYHtRT9PsNopfE root@ubuntu-xenial
[   14.561227] [[0;32m  OK  [0m] Started ACPI Events Check.
[[0;32m  OK  [0m] Reached target Paths.
[[0;32m  OK  [0m] Started Daily Cleanup of Temporary Directories.
[[0;32m  OK  [0m] Listening on UUID daemon activation socket.
         Starting Socket activation for snappy daemon.
[[0;32m  OK  [0m] Listening on ACPID Listen Socket.
[[0;32m  OK  [0m] Started Ubuntu Advantage update messaging.
cloud-init[944]: The key's randomart image is:
[   14.567956]          Starting LXD - unix socket.
[[0;32m  OK  [0m] Started Daily apt download activities.
[[0;32m  OK  [0m] Started Daily apt upgrade and clean activities.
[[0;32m  OK  [0m] Reached target Timers.
[[0;32m  OK  [0m] Reached target Cloud-config availability.
[[0;32m  OK  [0m] Listening on Socket activation for snappy daemon.
[[0;32m  OK  [0m] Listening on LXD - unix socket.
[[0;32m  OK  [0m] Reached target Sockets.
[[0;32m  OK  [0m] Reached target Basic System.
cloud-init[944]: +---[DSA 1024]----+
[   14.574319] cloud-init[944]: |               +o|
         Starting Accounts Service...
[   14.576268] cloud-init         Starting LSB: Record successful boot for GRUB...
[[0;32m  OK  [0m] Started FUSE filesystem for LXC.
[944]: |              o o|
[   14.580526] cloud-init[944]: |             . ..|         Starting Pollinate to seed the pseudo random number generator...
[[0;32m  OK  [0m] Started D-Bus System Message Bus.

[   14.586736] cloud-init[944]: |         .   oooo|
[   14.592462] cloud-init[944]: |        S   ..O*.|
[   14.594041] cloud-init[944]: |         . o.B+E*|
[   14.596287] cloud-init[944]: |          . ===*O|
[   14.597993] cloud-init[944]: |            ..O*=|
[   14.599487] cloud-init[944]: |            .++O@|
[   14.603251] cloud-init[944]: +----[SHA256]-----+
[   14.612706] cloud-init[944]: Generating public/private ecdsa key pair.
[   14.614703] cloud-init[944]: Your identification has been saved in /etc/ssh/ssh_host_ecdsa_key.
[   14.615998] cloud-init[944]: Your public key has been saved in /etc/ssh/ssh_host_ecdsa_key.pub.
[   14.617809] cloud-init[944]: The key fingerprint is:
[   14.628341] cloud-init[944]: SHA256:a0SXP11Q9SqJegztVUOd8ieDC1kuYj6HuHvuqfiZSHY root@ubuntu-xenial
[   14.630076] cloud-init[944]: The key's randomart image is:
[   14.631592] cloud-init[944]: +---[ECDSA 256]---+
[   14.632922] cloud-init[944]: |              oo=|
[   14.634586] cloud-init[944]: |           ..o oo|
[   14.635789] cloud-init[944]: |        . o+ .= o|
[   14.636880] cloud-init[944]: |       .oo+oo+o=.|
[   14.638268] cloud-init[944]: |       +Sooo*.oo.|
[   14.639456] cloud-init[944]: |      ..+*...o   |
[   14.641026] [[0;32m  OK  [0m] Started Regular background program processing daemon.
         Starting LSB: MD monitoring daemon...
cloud-init[944]:          Starting Virtualbox guest utils...
         Starting /etc/rc.local Compatibility...
         Starting Login Service...
[[0;32m  OK  [0m] Started Deferred execution scheduler.
         Starting System Logging Service...
|    o E.+o+      |
[   14.655820] [[0;32m  OK  [0m] Started ACPI event daemon.
cloud-init[944]: |   o +.+.o       |
[   14.657880] cloud-init[944]:          Starting Snap Daemon...
         Starting LXD - container startup/shutdown...
|    o.**+        |[[0;32m  OK  [0m] Started /etc/rc.local Compatibility.

[[0;32m  OK  [0m] Started iSCSI initiator daemon (iscsid).
[   14.691939] cloud-init[944]: +----[SHA256]-----+
         Starting Login to default iSCSI targets...
         Starting Authenticate and Authorize Users to Run Privileged Tasks...
[[0;32m  OK  [0m] Started System Logging Service.
[[0;32m  OK  [0m] Started Login Service.
[[0;32m  OK  [0m] Started LSB: Record successful boot for GRUB.
[   14.730782] cloud-init[944]: Generating public/private ed25519 key pair.
[   14.737300] cloud-init[944]: Your identification has been saved in /etc/ssh/ssh_host_ed25519_key.
[   14.748267] cloud-init[944]: Your public key has been saved in /etc/ssh/ssh_host_ed25519_key.pub.
[   14.759100] [[0;32m  OK  [0m] Started Unattended Upgrades Shutdown.
cloud-init[944]: The key fingerprint is:
[   14.770972] cloud-init[944]: SHA256:EfjZS0/NbnG2VqBVpEMLRWSZ1mDd9mxGGqtGEbwvbpU root@ubuntu-xenial
[   14.779088] cloud-init[944]: The key's randomart image is:
[   14.783037] cloud-init[[0;32m  OK  [0m] Started Login to default iSCSI targets.
[[0;32m  OK  [0m] Reached target Remote File Systems (Pre).
[[0;32m  OK  [0m] Reached target Remote File Systems.
         Starting Permit User Sessions...
         Starting LSB: daemon to balance interrupts for SMP systems...
         Starting LSB: Set the CPU Frequency Scaling governor to "ondemand"...
         Starting LSB: automatic crash report generation...
[944]: +--[ED25519 256]--+
[   14.819244] cloud-init[944]: [[0;32m  OK  [0m] Started Permit User Sessions.
         Starting Terminate Plymouth Boot Screen...
         Starting Hold until boot process finishes up...
|       ..  .o=OO+|
[   14.844296] cloud-init[[0;32m  OK  [0m] Started Hold until boot process finishes up.
[[0;32m  OK  [0m] Started Getty on tty1.
[[0;32m  OK  [0m] Started Serial Getty on ttyS0.
[[0;32m  OK  [0m] Reached target Login Prompts.
[944]: |      .  .  o=Bo*|
         Starting Set console scheme...
[   14.858127] cloud-init[944]: [[0;32m  OK  [0m] Started Terminate Plymouth Boot Screen.
[[0;32m  OK  [0m] Started Set console scheme.
|       ..o   O+O.|
[   14.875825] cloud-init[944]: [[0;32m  OK  [0m] Started Authenticate and Authorize Users to Run Privileged Tasks.
|        o.o = *.O|
[[0;32m  OK  [0m] Started Accounts Service.
[[0;32m  OK  [0m] Started LSB: MD monitoring daemon.
[   14.894682] cloud-init[944]: |        S. = + Bo|
[   14.906936] cloud-init[944]: |          . = Eo |
[   14.908127] cloud-init[944]: |           o +.  |
[   14.909357] cloud-init[944]: |            o    |
[[0;32m  OK  [0m] Started LSB: Set the CPU Frequency Scaling governor to "ondemand".
[[0;32m  OK  [0m] Started LXD - container startup/shutdown.
[[0;32m  OK  [0m] Started LSB: daemon to balance interrupts for SMP systems.
[   14.911049] cloud-init[944]: |           .     |
[   15.038455] cloud-init[944]: +----[SHA256]-----+
[[0;32m  OK  [0m] Started Virtualbox guest utils.
[[0;32m  OK  [0m] Started LSB: automatic crash report generation.
[[0;32m  OK  [0m] Started Snap Daemon.
         Starting Wait until snapd is fully seeded...
[[0;32m  OK  [0m] Started Pollinate to seed the pseudo random number generator.
         Starting OpenBSD Secure Shell server...
[[0;32m  OK  [0m] Started OpenBSD Secure Shell server.
[[0;32m  OK  [0m] Started Wait until snapd is fully seeded.
[[0;32m  OK  [0m] Reached target Multi-User System.
[[0;32m  OK  [0m] Reached target Graphical Interface.
         Starting Update UTMP about System Runlevel Changes...
         Starting Apply the settings specified in cloud-config...
[[0;32m  OK  [0m] Started Update UTMP about System Runlevel Changes.
[   18.123377] cloud-init[1302]: Generating locales (this might take a while)...
[   19.301885] cloud-init[1302]:   en_US.UTF-8... done
[   19.302795] cloud-init[1302]: Generation complete.
[[0;32m  OK  [0m] Created slice User Slice of vagrant.
         Starting User Manager for UID 1000...
[[0;32m  OK  [0m] Started Session 1 of user vagrant.
[[0;32m  OK  [0m] Started User Manager for UID 1000.
[   19.774792] cloud-init[1302]: Cloud-init v. 21.1-19-gbad84ad4-0ubuntu1~16.04.2 running 'modules:config' at Tue, 03 Dec 2024 13:39:36 +0000. Up 17.97 seconds.
[[0;32m  OK  [0m] Started Apply the settings specified in cloud-config.
ci-info: no authorized SSH keys fingerprints found for user ubuntu.
<14>Dec  3 13:39:39 ec2: 
<14>Dec  3 13:39:39 ec2: #############################################################
<14>Dec  3 13:39:39 ec2: -----BEGIN SSH HOST KEY FINGERPRINTS-----
<14>Dec  3 13:39:39 ec2: 1024 SHA256:+c090oX4u9ItN7n/xM3BuYk86+13SwYHtRT9PsNopfE root@ubuntu-xenial (DSA)
<14>Dec  3 13:39:39 ec2: 256 SHA256:a0SXP11Q9SqJegztVUOd8ieDC1kuYj6HuHvuqfiZSHY root@ubuntu-xenial (ECDSA)
<14>Dec  3 13:39:39 ec2: 256 SHA256:EfjZS0/NbnG2VqBVpEMLRWSZ1mDd9mxGGqtGEbwvbpU root@ubuntu-xenial (ED25519)
<14>Dec  3 13:39:39 ec2: 2048 SHA256:6mvDwmzrIwzaV3yq6GPQKFMHfWCHUbMA0HIZIOUY0bc root@ubuntu-xenial (RSA)
<14>Dec  3 13:39:39 ec2: -----END SSH HOST KEY FINGERPRINTS-----
<14>Dec  3 13:39:39 ec2: #############################################################
-----BEGIN SSH HOST KEY KEYS-----
ecdsa-sha2-nistp256 AAAAE2VjZHNhLXNoYTItbmlzdHAyNTYAAAAIbmlzdHAyNTYAAABBBN24pmPjbW+2v2uwd6o6eqSpNIPkUtYow8rbAwx40BcxwDKe7v3ZB06QNgg01fUg0RHCY5BYPMv8q67hF/M6ZB0= root@ubuntu-xenial
ssh-ed25519 AAAAC3NzaC1lZDI1NTE5AAAAIGgMtSGHVzWQS2w8qWA/0zzdYflEt9AikhWwnu1ksFP6 root@ubuntu-xenial
ssh-rsa AAAAB3NzaC1yc2EAAAADAQABAAABAQDoz08tgVK50diRKZtiAMqDjRGDTtaOUsaO+yOLt86ImQehrrkpRU7HdEojXQvjtzzjmypcq5QUbChejH39gCh/QHLzb35JytokfvVz980uc922GcB29xQS6BOvWVycxRINTuxXSdxj+2NHu99EfCGFrHvYkb3kJNMbDFYJKsT7UYVkPrYC6WEb9jlGlGxau+DBukti+L5i712BaZWk4kf5Cgu6kxTkqlEM4JyYw8xXo7pWp/S8d/F9oOIFuFQ6v0YevvE/NHjiynlk+L5BqQSNYIHJJfE3P29z+k0FjoXyRcBZStjl3q/QLQLAYNGP7kDFfCskvfI+3ROhYBVrigNR root@ubuntu-xenial
-----END SSH HOST KEY KEYS-----
[   20.903625] cloud-init[1412]: Cloud-init v. 21.1-19-gbad84ad4-0ubuntu1~16.04.2 running 'modules:final' at Tue, 03 Dec 2024 13:39:39 +0000. Up 20.60 seconds.
[   20.905236] cloud-init[1412]: ci-info: no authorized SSH keys fingerprints found for user ubuntu.
[   20.906943] cloud-init[1412]: Cloud-init v. 21.1-19-gbad84ad4-0ubuntu1~16.04.2 finished at Tue, 03 Dec 2024 13:39:39 +0000. Datasource DataSourceNoCloud [seed=/dev/sdb][dsmode=net].  Up 20.88 seconds

Ubuntu 16.04.7 LTS ubuntu-xenial ttyS0

ubuntu-xenial login: 